Nothing to build in platform 'microblaze_mcu_platform'

17:52:04 **** Incremental Build of configuration Debug for project microblaze_app1 ****
make all 
'Building file: ../src/helloworld.c'
'Invoking: MicroBlaze gcc compiler'
mb-gcc -Wall -O0 -g3 -c -fmessage-length=0 -MT"src/helloworld.o" -IC:/Xilinx/VivadoProjects/microblaze_mcu/microblaze_mcu.vitis/microblaze_mcu_platform/export/microblaze_mcu_platform/sw/microblaze_mcu_platform/standalone_domain/bspinclude/include -mno-xl-reorder -mlittle-endian -mxl-barrel-shift -mxl-pattern-compare -mcpu=v11.0 -mno-xl-soft-mul -Wl,--no-relax -ffunction-sections -fdata-sections -MMD -MP -MF"src/helloworld.d" -MT"src/helloworld.o" -o "src/helloworld.o" "../src/helloworld.c"
'Finished building: ../src/helloworld.c'
' '
'Building target: microblaze_app1.elf'
'Invoking: MicroBlaze gcc linker'
mb-gcc -Wl,-T -Wl,../src/lscript.ld -LC:/Xilinx/VivadoProjects/microblaze_mcu/microblaze_mcu.vitis/microblaze_mcu_platform/export/microblaze_mcu_platform/sw/microblaze_mcu_platform/standalone_domain/bsplib/lib -mlittle-endian -mxl-barrel-shift -mxl-pattern-compare -mcpu=v11.0 -mno-xl-soft-mul -Wl,--no-relax -Wl,--gc-sections -o "microblaze_app1.elf"  ./src/helloworld.o ./src/platform.o   -Wl,--start-group,-lxil,-lgcc,-lc,--end-group
'Finished building target: microblaze_app1.elf'
' '
'Invoking: MicroBlaze Print Size'
mb-size microblaze_app1.elf  |tee "microblaze_app1.elf.size"
   text	   data	    bss	    dec	    hex	filename
   2664	    324	   3108	   6096	   17d0	microblaze_app1.elf
'Finished building: microblaze_app1.elf.size'
' '
